
> tech-nest@0.1.0 build
> next build

node.exe : ΓÜá Warning: 
Next.js inferred your 
workspace root, but it may 
not be correct.
At line:1 char:1
+ & "C:\Program 
Files\nodejs/node.exe" "C:\Us
ers\user\AppData\Roaming\n 
...
+ ~~~~~~~~~~~~~~~~~~~~~~~~~~~
~~~~~~~~~~~~~~~~~~~~~~~~~~~~~
~~~~~~~~~~~~~
    + CategoryInfo           
   : NotSpecified: (ΓÜá War  
  ning: Ne...not be correc   
 t.:String) [], RemoteExc    
eption
    + FullyQualifiedErrorId  
   : NativeCommandError
 
 We detected multiple 
lockfiles and selected the 
directory of C:\Users\user\pa
ckage-lock.json as the root 
directory.
 To silence this warning, 
set `turbopack.root` in your 
Next.js config, or consider 
removing one of the 
lockfiles if it's not needed.
   See https://nextjs.org/doc
s/app/api-reference/config/ne
xt-config-js/turbopack#root-d
irectory for more 
information.
 Detected additional 
lockfiles: 
   * C:\Users\user\Documents\
tech-nest\package-lock.json

Γû▓ Next.js 16.1.6 (Turbopack)
- Environments: .env.local

  Creating an optimized production build ...

> Build error occurred
Error: Turbopack build 
failed with 1 errors:
./Documents/tech-nest/src/lib
/supabase/server.ts:3:1
Ecmascript file had an error
[0m [90m 1 |[39m 
[36mimport[39m { 
createServerClient } 
[36mfrom[39m [32m"@supabas
e/ssr"[39m[33m;[39m
 [90m 2 |[39m 
[36mimport[39m { 
createClient [36mas[39m 
createSupabaseClient } 
[36mfrom[39m [32m"@supabas
e/supabase-js"[39m[33m;[39
m
[31m[1m>[22m[39m[90m 3 
|[39m [36mimport[39m { 
cookies } [36mfrom[39m [32
m"next/headers"[39m[33m;[3
9m
 [90m   |[39m [31m[1m^[2
2m[39m[31m[1m^[22m[39m[
31m[1m^[22m[39m[31m[1m^
[22m[39m[31m[1m^[22m[39m
[31m[1m^[22m[39m[31m[1m
^[22m[39m[31m[1m^[22m[3
9m[31m[1m^[22m[39m[31m[
1m^[22m[39m[31m[1m^[22m
[39m[31m[1m^[22m[39m[31m
[1m^[22m[39m[31m[1m^[22
m[39m[31m[1m^[22m[39m[3
1m[1m^[22m[39m[31m[1m^[
22m[39m[31m[1m^[22m[39m
[31m[1m^[22m[39m[31m[1m^
[22m[39m[31m[1m^[22m[39
m[31m[1m^[22m[39m[31m[1
m^[22m[39m[31m[1m^[22m[
39m[31m[1m^[22m[39m[31m
[1m^[22m[39m[31m[1m^[22m
[39m[31m[1m^[22m[39m[31
m[1m^[22m[39m[31m[1m^[2
2m[39m[31m[1m^[22m[39m[
31m[1m^[22m[39m[31m[1m^
[22m[39m[31m[1m^[22m[39m
[31m[1m^[22m[39m[31m[1m
^[22m[39m[31m[1m^[22m[3
9m[31m[1m^[22m[39m[31m[
1m^[22m[39m
 [90m 4 |[39m
 [90m 5 |[39m [90m/**[39m
 [90m 6 |[39m [90m * 
Standard cookie-based client 
ΓÇö respects RLS.[39m[0m

You're importing a component 
that needs "next/headers". 
That only works in a Server 
Component which is not 
supported in the pages/ 
directory. Read more: https:/
/nextjs.org/docs/app/building
-your-application/rendering/s
erver-components



Import traces:
  Server Component:
    ./Documents/tech-nest/src
/lib/supabase/server.ts
    ./Documents/tech-nest/src
/app/admin/layout.tsx

  Client Component Browser:
    ./Documents/tech-nest/src
/lib/supabase/server.ts 
[Client Component Browser]
    ./Documents/tech-nest/src
/lib/api.ts [Client 
Component Browser]
    ./Documents/tech-nest/src
/app/admin/engine/page.tsx 
[Client Component Browser]
    ./Documents/tech-nest/src
/app/admin/engine/page.tsx 
[Server Component]

  Client Component SSR:
    ./Documents/tech-nest/src
/lib/supabase/server.ts 
[Client Component SSR]
    ./Documents/tech-nest/src
/lib/api.ts [Client 
Component SSR]
    ./Documents/tech-nest/src
/app/admin/engine/page.tsx 
[Client Component SSR]
    ./Documents/tech-nest/src
/app/admin/engine/page.tsx 
[Server Component]


    at <unknown> (./Documents
/tech-nest/src/lib/supabase/s
erver.ts:3:1)
